...................F......                                               [100%]
=================================== FAILURES ===================================
_________________ test_the_hero_stat_itself_carries_the_label __________________

    def test_the_hero_stat_itself_carries_the_label():
        """Anywhere-on-the-page is not enough, and this is not hypothetical: a
        mutation reverting the hero label to a bare "Score" survived the test
        above, because the footer still said "Pocket rank score" 3000 characters
        later. The hero is the number a reader and a screenshot actually see, so
        the label has to be IN it."""
        html = _detail_html()
        blocks = re.findall(r'<div class="hero-stat">.*?</div></div>', html, re.S)
        assert blocks, "no hero-stat blocks on the pocket detail page"
        owning = [b for b in blocks if str(PROBE_SCORE) in b]
        assert len(owning) == 1, (
            f"expected exactly one hero stat showing {PROBE_SCORE}, got "
            f"{len(owning)}")
>       assert pk.POCKET_RANK_LABEL in owning[0], (
            f"the hero stat displays {PROBE_SCORE} without naming it:\n"
            f"{owning[0]}")
E       AssertionError: the hero stat displays -4.3 without naming it:
E         <div class="hero-stat"><div class="n">-4.3</div><div class="l">Score</div><div class="x">excess − constraint/2 − time-to-power penalty ± verdict · not the <a href="/dcpi/ashburn" style="color:inherit;text-decoration:underline">DCPI composite</a></div></div>
E       assert 'Pocket rank score' in '<div class="hero-stat"><div class="n">-4.3</div><div class="l">Score</div><div class="x">excess − constraint/2 − time...rdict · not the <a href="/dcpi/ashburn" style="color:inherit;text-decoration:underline">DCPI composite</a></div></div>'
E        +  where 'Pocket rank score' = pk.POCKET_RANK_LABEL

tests/test_pocket_rank_score_is_not_called_dcpi.py:232: AssertionError
=========================== short test summary info ============================
FAILED tests/test_pocket_rank_score_is_not_called_dcpi.py::test_the_hero_stat_itself_carries_the_label
1 failed, 25 passed in 0.78s
